// Jest Snapshot v1, https://goo.gl/fbAQLP

exports[`<Reservation /> displays all relevant data 1`] = `
<Reservation
  reservation={
    Object {
      "arrivalDate": "3/7/2019",
      "departureDate": "3/17/2019",
      "hotelName": "Hilton PVD",
      "id": "1",
      "name": "Jack Parker",
    }
  }
>
  <Styled(Card)
    style={
      Object {
        "flex": 1,
      }
    }
    transparent={true}
  >
    <Card
      style={
        Array [
          Object {
            "backgroundColor": "transparent",
            "borderBottomWidth": 0,
            "borderColor": "#ccc",
            "borderLeftWidth": 0,
            "borderRadius": 2,
            "borderRightWidth": 0,
            "borderTopWidth": 0,
            "elevation": null,
            "flexWrap": "nowrap",
            "marginBottom": 5,
            "marginLeft": 2,
            "marginRight": 2,
            "marginTop": 5,
            "shadowColor": null,
            "shadowOffset": null,
            "shadowOpacity": null,
            "shadowRadius": null,
          },
          Object {
            "flex": 1,
          },
        ]
      }
      transparent={true}
    >
      <View
        style={
          Array [
            Object {
              "backgroundColor": "transparent",
              "borderBottomWidth": 0,
              "borderColor": "#ccc",
              "borderLeftWidth": 0,
              "borderRadius": 2,
              "borderRightWidth": 0,
              "borderTopWidth": 0,
              "elevation": null,
              "flexWrap": "nowrap",
              "marginBottom": 5,
              "marginLeft": 2,
              "marginRight": 2,
              "marginTop": 5,
              "shadowColor": null,
              "shadowOffset": null,
              "shadowOpacity": null,
              "shadowRadius": null,
            },
            Object {
              "flex": 1,
            },
          ]
        }
        transparent={true}
      >
        <View
          style={
            Array [
              Object {
                "backgroundColor": "transparent",
                "borderBottomWidth": 0,
                "borderColor": "#ccc",
                "borderLeftWidth": 0,
                "borderRadius": 2,
                "borderRightWidth": 0,
                "borderTopWidth": 0,
                "elevation": null,
                "flexWrap": "nowrap",
                "marginBottom": 5,
                "marginLeft": 2,
                "marginRight": 2,
                "marginTop": 5,
                "shadowColor": null,
                "shadowOffset": null,
                "shadowOpacity": null,
                "shadowRadius": null,
              },
              Object {
                "flex": 1,
              },
            ]
          }
          transparent={true}
        >
          <Styled(CardItem)
            header={true}
          >
            <CardItem
              header={true}
              style={
                Object {
                  "alignItems": "center",
                  "backgroundColor": "#fff",
                  "borderBottomWidth": null,
                  "borderRadius": 2,
                  "flexDirection": "row",
                  "paddingBottom": 15,
                  "paddingLeft": 15,
                  "paddingRight": 15,
                  "paddingTop": 15,
                }
              }
            >
              <View
                header={true}
                style={
                  Object {
                    "alignItems": "center",
                    "backgroundColor": "#fff",
                    "borderBottomWidth": null,
                    "borderRadius": 2,
                    "flexDirection": "row",
                    "paddingBottom": 15,
                    "paddingLeft": 15,
                    "paddingRight": 15,
                    "paddingTop": 15,
                  }
                }
              >
                <View
                  header={true}
                  style={
                    Object {
                      "alignItems": "center",
                      "backgroundColor": "#fff",
                      "borderBottomWidth": null,
                      "borderRadius": 2,
                      "flexDirection": "row",
                      "paddingBottom": 15,
                      "paddingLeft": 15,
                      "paddingRight": 15,
                      "paddingTop": 15,
                    }
                  }
                >
                  <Styled(Title)
                    testID="name"
                  >
                    <Title
                      style={
                        Object {
                          "color": "#000",
                          "fontFamily": "System",
                          "fontSize": 17,
                          "fontWeight": "700",
                          "marginLeft": undefined,
                          "paddingLeft": 4,
                          "paddingTop": 1,
                          "textAlign": "center",
                        }
                      }
                      testID="name"
                    >
                      <Text
                        numberOfLines={1}
                        style={
                          Object {
                            "color": "#000",
                            "fontFamily": "System",
                            "fontSize": 17,
                            "fontWeight": "700",
                            "marginLeft": undefined,
                            "paddingLeft": 4,
                            "paddingTop": 1,
                            "textAlign": "center",
                          }
                        }
                        testID="name"
                      >
                        <Text
                          numberOfLines={1}
                          style={
                            Object {
                              "color": "#000",
                              "fontFamily": "System",
                              "fontSize": 17,
                              "fontWeight": "700",
                              "marginLeft": undefined,
                              "paddingLeft": 4,
                              "paddingTop": 1,
                              "textAlign": "center",
                            }
                          }
                          testID="name"
                        >
                          Jack Parker
                        </Text>
                      </Text>
                    </Title>
                  </Styled(Title)>
                </View>
              </View>
            </CardItem>
          </Styled(CardItem)>
          <Styled(CardItem)>
            <CardItem
              style={
                Object {
                  "alignItems": "center",
                  "backgroundColor": "#fff",
                  "borderRadius": 2,
                  "flexDirection": "row",
                  "paddingBottom": 10,
                  "paddingLeft": 15,
                  "paddingRight": 15,
                  "paddingTop": 10,
                }
              }
            >
              <View
                style={
                  Object {
                    "alignItems": "center",
                    "backgroundColor": "#fff",
                    "borderRadius": 2,
                    "flexDirection": "row",
                    "paddingBottom": 10,
                    "paddingLeft": 15,
                    "paddingRight": 15,
                    "paddingTop": 10,
                  }
                }
              >
                <View
                  style={
                    Object {
                      "alignItems": "center",
                      "backgroundColor": "#fff",
                      "borderRadius": 2,
                      "flexDirection": "row",
                      "paddingBottom": 10,
                      "paddingLeft": 15,
                      "paddingRight": 15,
                      "paddingTop": 10,
                    }
                  }
                >
                  <Styled(Body)>
                    <Body
                      style={
                        Object {
                          "alignItems": "flex-start",
                          "alignSelf": "stretch",
                          "flex": 1,
                        }
                      }
                    >
                      <View
                        style={
                          Object {
                            "alignItems": "flex-start",
                            "alignSelf": "stretch",
                            "flex": 1,
                          }
                        }
                      >
                        <View
                          style={
                            Object {
                              "alignItems": "flex-start",
                              "alignSelf": "stretch",
                              "flex": 1,
                            }
                          }
                        >
                          <Styled(Text)
                            testID="hotelName"
                          >
                            <Text
                              style={
                                Object {
                                  "color": "#000",
                                  "fontFamily": "System",
                                  "fontSize": 16,
                                }
                              }
                              testID="hotelName"
                              uppercase={false}
                            >
                              <Text
                                style={
                                  Object {
                                    "color": "#000",
                                    "fontFamily": "System",
                                    "fontSize": 16,
                                  }
                                }
                                testID="hotelName"
                                uppercase={false}
                              >
                                <Text
                                  style={
                                    Object {
                                      "color": "#000",
                                      "fontFamily": "System",
                                      "fontSize": 16,
                                    }
                                  }
                                  testID="hotelName"
                                  uppercase={false}
                                >
                                  Hotel: 
                                  Hilton PVD
                                </Text>
                              </Text>
                            </Text>
                          </Styled(Text)>
                          <Styled(Text)
                            testID="arrivalDate"
                          >
                            <Text
                              style={
                                Object {
                                  "color": "#000",
                                  "fontFamily": "System",
                                  "fontSize": 16,
                                }
                              }
                              testID="arrivalDate"
                              uppercase={false}
                            >
                              <Text
                                style={
                                  Object {
                                    "color": "#000",
                                    "fontFamily": "System",
                                    "fontSize": 16,
                                  }
                                }
                                testID="arrivalDate"
                                uppercase={false}
                              >
                                <Text
                                  style={
                                    Object {
                                      "color": "#000",
                                      "fontFamily": "System",
                                      "fontSize": 16,
                                    }
                                  }
                                  testID="arrivalDate"
                                  uppercase={false}
                                >
                                  Arrival Date: 
                                  3/7/2019
                                </Text>
                              </Text>
                            </Text>
                          </Styled(Text)>
                          <Styled(Text)
                            testID="departureDate"
                          >
                            <Text
                              style={
                                Object {
                                  "color": "#000",
                                  "fontFamily": "System",
                                  "fontSize": 16,
                                }
                              }
                              testID="departureDate"
                              uppercase={false}
                            >
                              <Text
                                style={
                                  Object {
                                    "color": "#000",
                                    "fontFamily": "System",
                                    "fontSize": 16,
                                  }
                                }
                                testID="departureDate"
                                uppercase={false}
                              >
                                <Text
                                  style={
                                    Object {
                                      "color": "#000",
                                      "fontFamily": "System",
                                      "fontSize": 16,
                                    }
                                  }
                                  testID="departureDate"
                                  uppercase={false}
                                >
                                  Departure Date: 
                                  3/17/2019
                                </Text>
                              </Text>
                            </Text>
                          </Styled(Text)>
                        </View>
                      </View>
                    </Body>
                  </Styled(Body)>
                </View>
              </View>
            </CardItem>
          </Styled(CardItem)>
        </View>
      </View>
    </Card>
  </Styled(Card)>
</Reservation>
`;
